[try.trial.cms-guide.com/site/02/00p/q1/0200pq12tuwwgjlg/index.html]
[backblue.gif]
[fade.gif]
[index.html]
[try.trial.cms-guide.com/site/02/00p/q1/0200pq12tuwwgjlg/mt-content/uploads/2016/02/mt-0347-favicon3645.ico]
[static-try.trial.cms-guide.com/moto3/engine/190/src/mt-includes/css/assets.min2956.css]
[try.trial.cms-guide.com/site/02/00p/q1/0200pq12tuwwgjlg/mt-content/assets/styles3cb0.css]
[try.trial.cms-guide.com/site/02/00p/q1/0200pq12tuwwgjlg/mt-content/uploads/2016/02/mt-0347-home-slider1.jpg]
[try.trial.cms-guide.com/site/02/00p/q1/0200pq12tuwwgjlg/mt-content/uploads/2016/02/mt-0347-home-slider2.jpg]
[try.trial.cms-guide.com/site/02/00p/q1/0200pq12tuwwgjlg/mt-content/uploads/2016/02/mt-0347-home-slider3.jpg]
[try.trial.cms-guide.com/site/02/00p/q1/0200pq12tuwwgjlg/mt-content/uploads/2016/02/mt-0347-home-gallery1.jpg]
[try.trial.cms-guide.com/site/02/00p/q1/0200pq12tuwwgjlg/about/index.html]
[try.trial.cms-guide.com/site/02/00p/q1/0200pq12tuwwgjlg/mt-content/uploads/2016/02/mt-0347-home-gallery-small1.jpg]
[try.trial.cms-guide.com/site/02/00p/q1/0200pq12tuwwgjlg/services/index.html]
[try.trial.cms-guide.com/site/02/00p/q1/0200pq12tuwwgjlg/mt-content/uploads/2016/02/mt-0347-home-gallery2.jpg]
[try.trial.cms-guide.com/site/02/00p/q1/0200pq12tuwwgjlg/gallery/index.html]
[try.trial.cms-guide.com/site/02/00p/q1/0200pq12tuwwgjlg/mt-content/uploads/2016/02/mt-0347-home-gallery-small2.jpg]
[try.trial.cms-guide.com/site/02/00p/q1/0200pq12tuwwgjlg/news/index.html]
[try.trial.cms-guide.com/site/02/00p/q1/0200pq12tuwwgjlg/mt-content/uploads/2016/02/mt-0347-home-gallery3.jpg]
[try.trial.cms-guide.com/site/02/00p/q1/0200pq12tuwwgjlg/events/index.html]
[try.trial.cms-guide.com/site/02/00p/q1/0200pq12tuwwgjlg/mt-content/uploads/2016/02/mt-0347-home-gallery-small3.jpg]
[try.trial.cms-guide.com/site/02/00p/q1/0200pq12tuwwgjlg/blog/index.html]
[try.trial.cms-guide.com/site/02/00p/q1/0200pq12tuwwgjlg/mt-content/uploads/2016/02/mt-0347-home-gallery4.jpg]
[try.trial.cms-guide.com/site/02/00p/q1/0200pq12tuwwgjlg/contacts/index.html]
[try.trial.cms-guide.com/site/02/00p/q1/0200pq12tuwwgjlg/mt-content/uploads/2016/02/mt-0347-home-gallery-small4.jpg]
[try.trial.cms-guide.com/site/02/00p/q1/0200pq12tuwwgjlg/more/index.html]
[try.trial.cms-guide.com/site/02/00p/q1/0200pq12tuwwgjlg/mt-content/uploads/2016/02/mt-0347-home-gallery5.jpg]
[try.trial.cms-guide.com/site/02/00p/q1/0200pq12tuwwgjlg/mt-content/uploads/2016/02/mt-0347-home-gallery-small5.jpg]
[try.trial.cms-guide.com/site/02/00p/q1/0200pq12tuwwgjlg/mt-content/uploads/2016/02/mt-0347-home-gallery6.jpg]
[try.trial.cms-guide.com/site/02/00p/q1/0200pq12tuwwgjlg/mt-content/uploads/2016/02/mt-0347-home-gallery-small6.jpg]
[try.trial.cms-guide.com/site/02/00p/q1/0200pq12tuwwgjlg/mt-content/uploads/2016/02/mt-0347-home-gallery7.jpg]
[try.trial.cms-guide.com/site/02/00p/q1/0200pq12tuwwgjlg/mt-content/uploads/2016/02/mt-0347-home-gallery-small7.jpg]
[try.trial.cms-guide.com/site/02/00p/q1/0200pq12tuwwgjlg/mt-content/uploads/2016/02/mt-0347-home-gallery8.jpg]
[try.trial.cms-guide.com/site/02/00p/q1/0200pq12tuwwgjlg/mt-content/uploads/2016/02/mt-0347-home-gallery-small8.jpg]
[try.trial.cms-guide.com/site/02/00p/q1/0200pq12tuwwgjlg/mt-content/uploads/2016/02/mt-0347-home-news1.jpg]
[try.trial.cms-guide.com/site/02/00p/q1/0200pq12tuwwgjlg/mt-content/uploads/2016/02/mt-0347-home-news2.jpg]
[try.trial.cms-guide.com/site/02/00p/q1/0200pq12tuwwgjlg/mt-content/uploads/2016/02/mt-0347-home-news3.jpg]
[try.trial.cms-guide.com/site/02/00p/q1/0200pq12tuwwgjlg/mt-content/uploads/2016/02/mt-0347-home-news4.jpg]
[try.trial.cms-guide.com/site/02/00p/q1/0200pq12tuwwgjlg/privacy-policy/index.html]
[try.trial.cms-guide.com/site/02/00p/q1/0200pq12tuwwgjlg/api.json]
[try.trial.cms-guide.com/site/02/00p/q1/0200pq12tuwwgjlg/index.html]
[static-try.trial.cms-guide.com/moto3/engine/190/src/mt-includes/css/mejs-controls.1e.delayed]
[static-try.trial.cms-guide.com/moto3/engine/190/src/mt-includes/css/assets.min2956.css]
[try.trial.cms-guide.com/site/02/00p/q1/0200pq12tuwwgjlg/mt-content/uploads/2016/02/mt-0347-news-parallax2.jpg]
[static-try.trial.cms-guide.com/moto3/engine/190/src/mt-includes/js/website.min2956.js]
[try.trial.cms-guide.com/site/02/00p/q1/0200pq12tuwwgjlg/mt-content/uploads/2016/02/mt-0347-news-parallax1.jpg]
[try.trial.cms-guide.com/site/02/00p/q1/0200pq12tuwwgjlg/mt-content/uploads/2016/02/mt-0347-services-parallax2.jpg]
[static-try.trial.cms-guide.com/moto3/engine/190/src/mt-includes/js/website.assets.min2956.js]
[try.trial.cms-guide.com/site/02/00p/q1/0200pq12tuwwgjlg/mt-content/uploads/2016/02/mt-0347-services-parallax1.jpg]
[try.trial.cms-guide.com/site/02/00p/q1/0200pq12tuwwgjlg/mt-content/uploads/2016/02/mt-0347-about-number.png]
[try.trial.cms-guide.com/site/02/00p/q1/0200pq12tuwwgjlg/mt-content/uploads/2016/02/mt-0347-about-parallax2.jpg]
[try.trial.cms-guide.com/site/02/00p/q1/0200pq12tuwwgjlg/mt-content/uploads/2016/02/mt-0347-about-parallax1.jpg]
[try.trial.cms-guide.com/site/02/00p/q1/0200pq12tuwwgjlg/mt-content/uploads/2016/02/mt-0347-home-parallax.jpg]
[try.trial.cms-guide.com/site/02/00p/q1/0200pq12tuwwgjlg/mt-content/uploads/2016/02/mt-0347-home-parallax1.jpg]
[try.trial.cms-guide.com/site/02/00p/q1/0200pq12tuwwgjlg/mt-content/uploads/2016/02/mt-0347-home-gif.gif]
[try.trial.cms-guide.com/site/02/00p/q1/0200pq12tuwwgjlg/mt-content/uploads/2016/02/mt-0347-home-welcome.29.delayed]
[try.trial.cms-guide.com/site/02/00p/q1/0200pq12tuwwgjlg/mt-content/uploads/2015/11/mt-0242-about-parallax.jpg]
[try.trial.cms-guide.com/site/02/00p/q1/0200pq12tuwwgjlg/mt-content/uploads/2015/03/mt-0016-exhibitions-bg1.jpg]
[try.trial.cms-guide.com/site/02/00p/q1/0200pq12tuwwgjlg/mt-content/uploads/2015/03/mt-0016-bio-bg1.jpg]
[try.trial.cms-guide.com/site/02/00p/q1/0200pq12tuwwgjlg/mt-content/uploads/2015/03/mt-0016-home-bg2.jpg]
[try.trial.cms-guide.com/site/02/00p/q1/0200pq12tuwwgjlg/mt-content/uploads/2015/03/mt-0016-home-bg1.jpg]
[try.trial.cms-guide.com/site/02/00p/q1/0200pq12tuwwgjlg/mt-content/uploads/2015/03/mt-0016-home-slider1.jpg]
[try.trial.cms-guide.com/site/02/00p/q1/0200pq12tuwwgjlg/mt-content/assets/styles3cb0.css]
[www.googletagmanager.com/gtm5445.html]
[try.trial.cms-guide.com/site/02/00p/q1/0200pq12tuwwgjlg/about/index.html]
[try.trial.cms-guide.com/site/02/00p/q1/0200pq12tuwwgjlg/services/index.html]
[try.trial.cms-guide.com/site/02/00p/q1/0200pq12tuwwgjlg/mt-content/uploads/2016/02/mt-0347-gallery-img2.jpg]
[try.trial.cms-guide.com/site/02/00p/q1/0200pq12tuwwgjlg/mt-content/uploads/2016/02/mt-0347-gallery-img1.jpg]
[try.trial.cms-guide.com/site/02/00p/q1/0200pq12tuwwgjlg/mt-content/uploads/2016/02/mt-0347-gallery-small9.jpg]
[try.trial.cms-guide.com/site/02/00p/q1/0200pq12tuwwgjlg/mt-content/uploads/2016/02/mt-0347-gallery-small10.jpg]
[try.trial.cms-guide.com/site/02/00p/q1/0200pq12tuwwgjlg/mt-content/uploads/2016/02/mt-0347-gallery-img3.jpg]
[try.trial.cms-guide.com/site/02/00p/q1/0200pq12tuwwgjlg/mt-content/uploads/2016/02/mt-0347-gallery-small11.jpg]
[try.trial.cms-guide.com/site/02/00p/q1/0200pq12tuwwgjlg/mt-content/uploads/2016/02/mt-0347-gallery-img4.jpg]
[try.trial.cms-guide.com/site/02/00p/q1/0200pq12tuwwgjlg/mt-content/uploads/2016/02/mt-0347-gallery-small12.jpg]
[try.trial.cms-guide.com/site/02/00p/q1/0200pq12tuwwgjlg/gallery/index.html]
[try.trial.cms-guide.com/site/02/00p/q1/0200pq12tuwwgjlg/mt-content/uploads/2016/02/mt-0347-news-recent1.jpg]
[try.trial.cms-guide.com/site/02/00p/q1/0200pq12tuwwgjlg/mt-content/uploads/2016/02/mt-0347-news-recent2.jpg]
[try.trial.cms-guide.com/site/02/00p/q1/0200pq12tuwwgjlg/mt-content/uploads/2016/02/mt-0347-news-recent3.jpg]
[try.trial.cms-guide.com/site/02/00p/q1/0200pq12tuwwgjlg/mt-content/uploads/2016/02/mt-0347-news-recent4.jpg]
[try.trial.cms-guide.com/site/02/00p/q1/0200pq12tuwwgjlg/mt-content/uploads/2016/02/mt-0347-news-fresh1.jpg]
[try.trial.cms-guide.com/site/02/00p/q1/0200pq12tuwwgjlg/mt-content/uploads/2016/02/mt-0347-news-fresh2.jpg]
[try.trial.cms-guide.com/site/02/00p/q1/0200pq12tuwwgjlg/mt-content/uploads/2016/02/mt-0347-news-fresh3.jpg]
[try.trial.cms-guide.com/site/02/00p/q1/0200pq12tuwwgjlg/news/index.html]
[try.trial.cms-guide.com/site/02/00p/q1/0200pq12tuwwgjlg/events/index.html]
[try.trial.cms-guide.com/site/02/00p/q1/0200pq12tuwwgjlg/mt-content/uploads/2016/02/m-0347-blog-post8.jpg]
[try.trial.cms-guide.com/site/02/00p/q1/0200pq12tuwwgjlg/blog/the-most-common-mistakes-when-managing-personal-finances/index.html]
[try.trial.cms-guide.com/site/02/00p/q1/0200pq12tuwwgjlg/blog/methods-of-the-recruitment/index.html]
[try.trial.cms-guide.com/site/02/00p/q1/0200pq12tuwwgjlg/mt-content/uploads/2016/02/m-0347-blog-post6.jpg]
[try.trial.cms-guide.com/site/02/00p/q1/0200pq12tuwwgjlg/blog/overalls-with-logo-as-a-method-of-advertising/index.html]
[try.trial.cms-guide.com/site/02/00p/q1/0200pq12tuwwgjlg/blog/index4658.html]
[try.trial.cms-guide.com/site/02/00p/q1/0200pq12tuwwgjlg/mt-content/uploads/2016/02/m-0347-blog-post4.jpg]
[try.trial.cms-guide.com/site/02/00p/q1/0200pq12tuwwgjlg/mt-content/uploads/2016/02/m-0347-blog-post2.jpg]
[try.trial.cms-guide.com/site/02/00p/q1/0200pq12tuwwgjlg/blog/the-main-objectives-of-the-marketer/index.html]
[try.trial.cms-guide.com/site/02/00p/q1/0200pq12tuwwgjlg/mt-content/uploads/2016/02/m-0347-blog-post1.jpg]
[try.trial.cms-guide.com/site/02/00p/q1/0200pq12tuwwgjlg/blog/index.html]
[try.trial.cms-guide.com/site/02/00p/q1/0200pq12tuwwgjlg/blog/recession-is-a-good-opportunity-to-deal-a-deathblow-to-the-competitors/index.html]
[try.trial.cms-guide.com/cdn-cgi/scripts/5c5dd728/cloudflare-static/email-decode.min.js]
[try.trial.cms-guide.com/site/02/00p/q1/0200pq12tuwwgjlg/contacts/index.html]
[try.trial.cms-guide.com/site/02/00p/q1/0200pq12tuwwgjlg/more/index.html]
[try.trial.cms-guide.com/site/02/00p/q1/0200pq12tuwwgjlg/privacy-policy/index.html]
[static-try.trial.cms-guide.com/moto3/engine/190/src/mt-includes/css/mejs-controls.html]
[try.trial.cms-guide.com/site/02/00p/q1/0200pq12tuwwgjlg/mt-content/uploads/2016/02/mt-0347-home-welcome.html]
[try.trial.cms-guide.com/site/02/00p/q1/0200pq12tuwwgjlg/mt-content/uploads/2015/11/mt-0242-about-parallax.html]
[try.trial.cms-guide.com/site/02/00p/q1/0200pq12tuwwgjlg/mt-content/uploads/2015/03/mt-0016-exhibitions-bg1.html]
[try.trial.cms-guide.com/site/02/00p/q1/0200pq12tuwwgjlg/mt-content/uploads/2015/03/mt-0016-bio-bg1.html]
[try.trial.cms-guide.com/site/02/00p/q1/0200pq12tuwwgjlg/mt-content/uploads/2015/03/mt-0016-home-bg2.html]
[try.trial.cms-guide.com/site/02/00p/q1/0200pq12tuwwgjlg/mt-content/uploads/2015/03/mt-0016-home-bg1.html]
[try.trial.cms-guide.com/site/02/00p/q1/0200pq12tuwwgjlg/mt-content/uploads/2015/03/mt-0016-home-slider1.html]
[try.trial.cms-guide.com/site/02/00p/q1/0200pq12tuwwgjlg/blog/the-most-common-mistakes-when-managing-personal-finances/index.html]
[try.trial.cms-guide.com/site/02/00p/q1/0200pq12tuwwgjlg/blog/methods-of-the-recruitment/index.html]
[try.trial.cms-guide.com/site/02/00p/q1/0200pq12tuwwgjlg/blog/overalls-with-logo-as-a-method-of-advertising/index.html]
[try.trial.cms-guide.com/site/02/00p/q1/0200pq12tuwwgjlg/blog/index4658.html]
[try.trial.cms-guide.com/site/02/00p/q1/0200pq12tuwwgjlg/blog/the-main-objectives-of-the-marketer/index.html]
[try.trial.cms-guide.com/site/02/00p/q1/0200pq12tuwwgjlg/blog/recession-is-a-good-opportunity-to-deal-a-deathblow-to-the-competitors/index.html]
[try.trial.cms-guide.com/site/02/00p/q1/0200pq12tuwwgjlg/mt-content/uploads/2016/02/mt-0347-home-gif.gif]
